// Jest Snapshot v1, https://goo.gl/fbAQLP

exports[`TestComp matches snapshot 1`] = `
<DocumentFragment>
  <div
    class="test-comp"
  >
    <h3>
      Hello World!
    </h3>
    <span>
      Random
    </span>
    <div
      class="cds--content-switcher cds--layout-constraint--size__default-md cds--layout-constraint--size__min-sm cds--layout-constraint--size__max-lg"
      role="tablist"
    >
      <button
        aria-selected="true"
        class="cds--content-switcher-btn cds--content-switcher--selected"
        role="tab"
        tabindex="0"
        type="button"
      >
        <span
          class="cds--content-switcher__label"
          title="Hello"
        >
          Hello
        </span>
      </button>
      <button
        aria-selected="false"
        class="cds--content-switcher-btn"
        role="tab"
        tabindex="-1"
        type="button"
      >
        <span
          class="cds--content-switcher__label"
          title="Two"
        >
          Two
        </span>
      </button>
    </div>
  </div>
</DocumentFragment>
`;
